// Jest Snapshot v1, https://goo.gl/fbAQLP

exports[`SeriesDocuments tests should load the SeriesDocuments component 1`] = `
<Overridable(Loader)
  isLoading={false}
>
  <Error
    FallbackComponent={[Function]}
    boundary={false}
    error={Object {}}
    onUIError={null}
  >
    <ResultsTable
      columns={
        Array [
          Object {
            "field": "metadata.pid",
            "title": "PID",
          },
          Object {
            "field": "",
            "formatter": [Function],
            "title": "Title",
          },
          Object {
            "formatter": [Function],
            "title": "Volume",
          },
        ]
      }
      currentPage={1}
      data={Array []}
      fixed={false}
      headerActionComponent={null}
      name="documents"
      paginationComponent={null}
      renderEmptyResultsElement={[Function]}
      seeAllComponent={
        <SeeAllButton
          disabled={false}
          fluid={false}
          to="/backoffice/documents?q=relations.multipart_monograph.pid_value:\\"serid-1\\""
        />
      }
      showAllResults={false}
      showFooterSummary={true}
      showMaxRows={5}
      singleLine={true}
      subtitle=""
      title=""
      totalHitsCount={0}
    />
  </Error>
</Overridable(Loader)>
`;
